2026-09-09 22:19:25,217 INFO Starting AFRFocal3 build reference_dir=/nfs/home/adas23/projects/AlphaEvolve/Data/FunsearchEvaluatorDataAFRFocal2 raw_data_dir=/nfs/home/adas23/projects/AlphaEvolve/Data/RawDataOncoArray output_dir=/nfs/home/adas23/projects/AlphaEvolve/Data/FunsearchEvaluatorDataAFRFocal3
2026-09-09 22:19:26,887 INFO Condition no_covariates standardization sample_count=3890 r=0.0257801146878 a_star=-0.00483393748658,-7.05830393085e-05,9.12310827247e-05,-0.000192477818988,0.000176644567687,-0.000161104753929,5.38376808472e-05,-2.4664180557e-05,9.32542452694e-05,3.37618637792e-05,8.6698533465e-05,-0.000322131056184,3.04436376879e-05,4.23435513949e-05,1.6620512963e-05,7.66813581154e-05
2026-09-09 22:19:27,210 INFO Wrote /nfs/home/adas23/projects/AlphaEvolve/Data/FunsearchEvaluatorDataAFRFocal3/no_covariates_heldout.pkl rows=400 sources=test_African_Ancestry.pkl:39, train_African_Ancestry.pkl:361
2026-09-09 22:19:27,258 INFO Compared no_covariates_heldout.pkl against AFRFocal2 mean_distance=0.138334116834 median_distance=0.132394107547 max_distance=0.207240968721
2026-09-09 22:19:27,419 INFO Wrote /nfs/home/adas23/projects/AlphaEvolve/Data/FunsearchEvaluatorDataAFRFocal3/no_covariates_test.pkl rows=480 sources=test_African_Ancestry.pkl:46, test_Asian.pkl:2, test_European.pkl:6, train_African_Ancestry.pkl:354, train_Asian.pkl:18, train_European.pkl:54
2026-09-09 22:19:27,452 INFO Compared no_covariates_test.pkl against AFRFocal2 mean_distance=0.149340428849 median_distance=0.136021763349 max_distance=0.216427495542
2026-09-09 22:19:27,832 INFO Wrote /nfs/home/adas23/projects/AlphaEvolve/Data/FunsearchEvaluatorDataAFRFocal3/no_covariates_train.pkl rows=3010 sources=test_African_Ancestry.pkl:10, test_Asian.pkl:5, test_European.pkl:264, train_African_Ancestry.pkl:100, train_Asian.pkl:95, train_European.pkl:2536
2026-09-09 22:19:27,869 INFO Compared no_covariates_train.pkl against AFRFocal2 mean_distance=0.191882561395 median_distance=0.191847883978 max_distance=2.10342371618
2026-09-09 22:19:29,494 INFO Wrote distance histogram to /nfs/home/adas23/projects/AlphaEvolve/Data/FunsearchEvaluatorDataAFRFocal3/no_covariates_distance_from_afrfocal2_histogram.png sample_count=3890
2026-09-09 22:19:31,650 INFO Condition with_covariates standardization sample_count=3890 r=0.0257628353723 a_star=-0.00482594141038,-0.00012763719029,9.28273285578e-06,5.27838640329e-05,-4.12800291824e-05,-3.80408546401e-05,1.46802388608e-06,-2.64680073509e-05,6.65449093635e-05,1.65959370671e-05,5.42809483526e-05,-0.000439037583952,-0.000156849863405,7.67205386762e-05,-0.000183225859822,0.000112142521841
2026-09-09 22:19:31,798 INFO Wrote /nfs/home/adas23/projects/AlphaEvolve/Data/FunsearchEvaluatorDataAFRFocal3/with_covariates_heldout.pkl rows=400 sources=test_African_Ancestry_add_covs.pkl:39, train_African_Ancestry_add_covs.pkl:361
2026-09-09 22:19:31,828 INFO Compared with_covariates_heldout.pkl against AFRFocal2 mean_distance=0.137633599716 median_distance=0.13173267435 max_distance=0.205802227879
2026-09-09 22:19:31,995 INFO Wrote /nfs/home/adas23/projects/AlphaEvolve/Data/FunsearchEvaluatorDataAFRFocal3/with_covariates_test.pkl rows=480 sources=test_African_Ancestry_add_covs.pkl:34, test_Asian_add_covs.pkl:1, test_European_add_covs.pkl:10, train_African_Ancestry_add_covs.pkl:366, train_Asian_add_covs.pkl:19, train_European_add_covs.pkl:50
2026-09-09 22:19:32,027 INFO Compared with_covariates_test.pkl against AFRFocal2 mean_distance=0.148315267756 median_distance=0.135434551396 max_distance=0.218733111261
2026-09-09 22:19:32,270 INFO Wrote /nfs/home/adas23/projects/AlphaEvolve/Data/FunsearchEvaluatorDataAFRFocal3/with_covariates_train.pkl rows=3010 sources=test_African_Ancestry_add_covs.pkl:14, test_Asian_add_covs.pkl:11, test_European_add_covs.pkl:309, train_African_Ancestry_add_covs.pkl:96, train_Asian_add_covs.pkl:89, train_European_add_covs.pkl:2491
2026-09-09 22:19:32,296 INFO Compared with_covariates_train.pkl against AFRFocal2 mean_distance=0.191337108789 median_distance=0.191992096733 max_distance=2.09106075932
2026-09-09 22:19:32,709 INFO Wrote distance histogram to /nfs/home/adas23/projects/AlphaEvolve/Data/FunsearchEvaluatorDataAFRFocal3/with_covariates_distance_from_afrfocal2_histogram.png sample_count=3890
2026-09-09 22:19:32,855 INFO Wrote ancestry transformations to /nfs/home/adas23/projects/AlphaEvolve/Data/FunsearchEvaluatorDataAFRFocal3/transformations.txt
2026-09-09 22:19:33,044 INFO Wrote output row tracking to /nfs/home/adas23/projects/AlphaEvolve/Data/FunsearchEvaluatorDataAFRFocal3/output_row_tracking.pkl rows=7780
2026-09-09 22:19:33,071 INFO Log file path=/nfs/home/adas23/projects/AlphaEvolve/Data/FunsearchEvaluatorDataAFRFocal3/build_funsearch_evaluator_data.log
2026-09-09 22:19:33,095 INFO Finished AFRFocal3 build
